Analysis & Synthesis report for RISC_V
Fri Sep 18 13:29:36 2026
Quartus II 64-Bit Version 13.0.1 Build 232 06/12/2013 Service Pack 1 SJ Web Edition


---------------------
; Table of Contents ;
---------------------
  1. Legal Notice
  2. Analysis & Synthesis Summary
  3. Analysis & Synthesis Settings
  4. Parallel Compilation
  5. Analysis & Synthesis Source Files Read
  6. Analysis & Synthesis Resource Usage Summary
  7. Analysis & Synthesis Resource Utilization by Entity
  8. Registers Removed During Synthesis
  9. Removed Registers Triggering Further Register Optimizations
 10. General Register Statistics
 11. Multiplexer Restructuring Statistics (Restructuring Performed)
 12. Port Connectivity Checks: "datapath:dp"
 13. Elapsed Time Per Partition
 14. Analysis & Synthesis Messages



----------------
; Legal Notice ;
----------------
Copyright (C) 1991-2013 Altera Corporation
Your use of Altera Corporation's design tools, logic functions 
and other software and tools, and its AMPP partner logic 
functions, and any output files from any of the foregoing 
(including device programming or simulation files), and any 
associated documentation or information are expressly subject 
to the terms and conditions of the Altera Program License 
Subscription Agreement, Altera MegaCore Function License 
Agreement, or other applicable license agreement, including, 
without limitation, that your use is for the sole purpose of 
programming logic devices manufactured by Altera and sold by 
Altera or its authorized distributors.  Please refer to the 
applicable agreement for further details.



+--------------------------------------------------------------------------------------+
; Analysis & Synthesis Summary                                                         ;
+------------------------------------+-------------------------------------------------+
; Analysis & Synthesis Status        ; Successful - Fri Sep 18 13:29:36 2026           ;
; Quartus II 64-Bit Version          ; 13.0.1 Build 232 06/12/2013 SP 1 SJ Web Edition ;
; Revision Name                      ; RISC_V                                          ;
; Top-level Entity Name              ; cpu_core                                        ;
; Family                             ; Cyclone II                                      ;
; Total logic elements               ; 1,697                                           ;
;     Total combinational functions  ; 1,249                                           ;
;     Dedicated logic registers      ; 510                                             ;
; Total registers                    ; 510                                             ;
; Total pins                         ; 136                                             ;
; Total virtual pins                 ; 0                                               ;
; Total memory bits                  ; 0                                               ;
; Embedded Multiplier 9-bit elements ; 0                                               ;
; Total PLLs                         ; 0                                               ;
+------------------------------------+-------------------------------------------------+


+----------------------------------------------------------------------------------------------------------------------+
; Analysis & Synthesis Settings                                                                                        ;
+----------------------------------------------------------------------------+--------------------+--------------------+
; Option                                                                     ; Setting            ; Default Value      ;
+----------------------------------------------------------------------------+--------------------+--------------------+
; Device                                                                     ; EP2C35F672C6       ;                    ;
; Top-level entity name                                                      ; cpu_core           ; RISC_V             ;
; Family name                                                                ; Cyclone II         ; Cyclone IV GX      ;
; Use smart compilation                                                      ; Off                ; Off                ;
; Enable parallel Assembler and TimeQuest Timing Analyzer during compilation ; On                 ; On                 ;
; Enable compact report table                                                ; Off                ; Off                ;
; Restructure Multiplexers                                                   ; Auto               ; Auto               ;
; Create Debugging Nodes for IP Cores                                        ; Off                ; Off                ;
; Preserve fewer node names                                                  ; On                 ; On                 ;
; Disable OpenCore Plus hardware evaluation                                  ; Off                ; Off                ;
; Verilog Version                                                            ; Verilog_2001       ; Verilog_2001       ;
; VHDL Version                                                               ; VHDL_1993          ; VHDL_1993          ;
; State Machine Processing                                                   ; Auto               ; Auto               ;
; Safe State Machine                                                         ; Off                ; Off                ;
; Extract Verilog State Machines                                             ; On                 ; On                 ;
; Extract VHDL State Machines                                                ; On                 ; On                 ;
; Ignore Verilog initial constructs                                          ; Off                ; Off                ;
; Iteration limit for constant Verilog loops                                 ; 5000               ; 5000               ;
; Iteration limit for non-constant Verilog loops                             ; 250                ; 250                ;
; Add Pass-Through Logic to Inferred RAMs                                    ; On                 ; On                 ;
; Infer RAMs from Raw Logic                                                  ; On                 ; On                 ;
; Parallel Synthesis                                                         ; On                 ; On                 ;
; DSP Block Balancing                                                        ; Auto               ; Auto               ;
; NOT Gate Push-Back                                                         ; On                 ; On                 ;
; Power-Up Don't Care                                                        ; On                 ; On                 ;
; Remove Redundant Logic Cells                                               ; Off                ; Off                ;
; Remove Duplicate Registers                                                 ; On                 ; On                 ;
; Ignore CARRY Buffers                                                       ; Off                ; Off                ;
; Ignore CASCADE Buffers                                                     ; Off                ; Off                ;
; Ignore GLOBAL Buffers                                                      ; Off                ; Off                ;
; Ignore ROW GLOBAL Buffers                                                  ; Off                ; Off                ;
; Ignore LCELL Buffers                                                       ; Off                ; Off                ;
; Ignore SOFT Buffers                                                        ; On                 ; On                 ;
; Limit AHDL Integers to 32 Bits                                             ; Off                ; Off                ;
; Optimization Technique                                                     ; Balanced           ; Balanced           ;
; Carry Chain Length                                                         ; 70                 ; 70                 ;
; Auto Carry Chains                                                          ; On                 ; On                 ;
; Auto Open-Drain Pins                                                       ; On                 ; On                 ;
; Perform WYSIWYG Primitive Resynthesis                                      ; Off                ; Off                ;
; Auto ROM Replacement                                                       ; On                 ; On                 ;
; Auto RAM Replacement                                                       ; On                 ; On                 ;
; Auto Shift Register Replacement                                            ; Auto               ; Auto               ;
; Allow Shift Register Merging across Hierarchies                            ; Auto               ; Auto               ;
; Auto Clock Enable Replacement                                              ; On                 ; On                 ;
; Strict RAM Replacement                                                     ; Off                ; Off                ;
; Allow Synchronous Control Signals                                          ; On                 ; On                 ;
; Force Use of Synchronous Clear Signals                                     ; Off                ; Off                ;
; Auto RAM to Logic Cell Conversion                                          ; Off                ; Off                ;
; Auto Resource Sharing                                                      ; Off                ; Off                ;
; Allow Any RAM Size For Recognition                                         ; Off                ; Off                ;
; Allow Any ROM Size For Recognition                                         ; Off                ; Off                ;
; Allow Any Shift Register Size For Recognition                              ; Off                ; Off                ;
; Use LogicLock Constraints during Resource Balancing                        ; On                 ; On                 ;
; Ignore translate_off and synthesis_off directives                          ; Off                ; Off                ;
; Timing-Driven Synthesis                                                    ; Off                ; Off                ;
; Report Parameter Settings                                                  ; On                 ; On                 ;
; Report Source Assignments                                                  ; On                 ; On                 ;
; Report Connectivity Checks                                                 ; On                 ; On                 ;
; Ignore Maximum Fan-Out Assignments                                         ; Off                ; Off                ;
; Synchronization Register Chain Length                                      ; 2                  ; 2                  ;
; PowerPlay Power Optimization                                               ; Normal compilation ; Normal compilation ;
; HDL message level                                                          ; Level2             ; Level2             ;
; Suppress Register Optimization Related Messages                            ; Off                ; Off                ;
; Number of Removed Registers Reported in Synthesis Report                   ; 5000               ; 5000               ;
; Number of Swept Nodes Reported in Synthesis Report                         ; 5000               ; 5000               ;
; Number of Inverted Registers Reported in Synthesis Report                  ; 100                ; 100                ;
; Clock MUX Protection                                                       ; On                 ; On                 ;
; Auto Gated Clock Conversion                                                ; Off                ; Off                ;
; Block Design Naming                                                        ; Auto               ; Auto               ;
; SDC constraint protection                                                  ; Off                ; Off                ;
; Synthesis Effort                                                           ; Auto               ; Auto               ;
; Shift Register Replacement - Allow Asynchronous Clear Signal               ; On                 ; On                 ;
; Pre-Mapping Resynthesis Optimization                                       ; Off                ; Off                ;
; Analysis & Synthesis Message Level                                         ; Medium             ; Medium             ;
; Disable Register Merging Across Hierarchies                                ; Auto               ; Auto               ;
; Resource Aware Inference For Block RAM                                     ; On                 ; On                 ;
; Synthesis Seed                                                             ; 1                  ; 1                  ;
+----------------------------------------------------------------------------+--------------------+--------------------+


Parallel compilation was disabled, but you have multiple processors available. Enable parallel compilation to reduce compilation time.
+-------------------------------------+
; Parallel Compilation                ;
+----------------------------+--------+
; Processors                 ; Number ;
+----------------------------+--------+
; Number detected on machine ; 12     ;
; Maximum allowed            ; 1      ;
+----------------------------+--------+


+--------------------------------------------------------------------------------------------------------------------------------------------------+
; Analysis & Synthesis Source Files Read                                                                                                           ;
+----------------------------------+-----------------+------------------------------+----------------------------------------------------+---------+
; File Name with User-Entered Path ; Used in Netlist ; File Type                    ; File Name with Absolute Path                       ; Library ;
+----------------------------------+-----------------+------------------------------+----------------------------------------------------+---------+
; alu.v                            ; yes             ; User Verilog HDL File        ; D:/University/Physical Design/ALU_V/alu.v          ;         ;
; Control_Unit.v                   ; yes             ; User Verilog HDL File        ; D:/University/Physical Design/ALU_V/Control_Unit.v ;         ;
; cpu_core.v                       ; yes             ; User Verilog HDL File        ; D:/University/Physical Design/ALU_V/cpu_core.v     ;         ;
; datapath.v                       ; yes             ; User Verilog HDL File        ; D:/University/Physical Design/ALU_V/datapath.v     ;         ;
; dmem.v                           ; yes             ; User Verilog HDL File        ; D:/University/Physical Design/ALU_V/dmem.v         ;         ;
; imem.v                           ; yes             ; User Verilog HDL File        ; D:/University/Physical Design/ALU_V/imem.v         ;         ;
; ImmGen.v                         ; yes             ; User Verilog HDL File        ; D:/University/Physical Design/ALU_V/ImmGen.v       ;         ;
; regfile.v                        ; yes             ; User Verilog HDL File        ; D:/University/Physical Design/ALU_V/regfile.v      ;         ;
; pc.v                             ; yes             ; User Verilog HDL File        ; D:/University/Physical Design/ALU_V/pc.v           ;         ;
; programr.mem                     ; yes             ; Auto-Found Unspecified File  ; D:/University/Physical Design/ALU_V/programr.mem   ;         ;
+----------------------------------+-----------------+------------------------------+----------------------------------------------------+---------+


+-----------------------------------------------------+
; Analysis & Synthesis Resource Usage Summary         ;
+---------------------------------------------+-------+
; Resource                                    ; Usage ;
+---------------------------------------------+-------+
; Estimated Total logic elements              ; 1,697 ;
;                                             ;       ;
; Total combinational functions               ; 1249  ;
; Logic element usage by number of LUT inputs ;       ;
;     -- 4 input functions                    ; 885   ;
;     -- 3 input functions                    ; 284   ;
;     -- <=2 input functions                  ; 80    ;
;                                             ;       ;
; Logic elements by mode                      ;       ;
;     -- normal mode                          ; 1096  ;
;     -- arithmetic mode                      ; 153   ;
;                                             ;       ;
; Total registers                             ; 510   ;
;     -- Dedicated logic registers            ; 510   ;
;     -- I/O registers                        ; 0     ;
;                                             ;       ;
; I/O pins                                    ; 136   ;
; Embedded Multiplier 9-bit elements          ; 0     ;
; Maximum fan-out node                        ; clk   ;
; Maximum fan-out                             ; 510   ;
; Total fan-out                               ; 6198  ;
; Average fan-out                             ; 3.27  ;
+---------------------------------------------+-------+


+--------------------------------------------------------------------------------------------------------------------------------------------------------------------------------------------+
; Analysis & Synthesis Resource Utilization by Entity                                                                                                                                        ;
+----------------------------+-------------------+--------------+-------------+--------------+---------+-----------+------+--------------+------------------------------------+--------------+
; Compilation Hierarchy Node ; LC Combinationals ; LC Registers ; Memory Bits ; DSP Elements ; DSP 9x9 ; DSP 18x18 ; Pins ; Virtual Pins ; Full Hierarchy Name                ; Library Name ;
+----------------------------+-------------------+--------------+-------------+--------------+---------+-----------+------+--------------+------------------------------------+--------------+
; |cpu_core                  ; 1249 (0)          ; 510 (0)      ; 0           ; 0            ; 0       ; 0         ; 136  ; 0            ; |cpu_core                          ; work         ;
;    |Control_Unit:cu|       ; 8 (8)             ; 0 (0)        ; 0           ; 0            ; 0       ; 0         ; 0    ; 0            ; |cpu_core|Control_Unit:cu          ; work         ;
;    |datapath:dp|           ; 1214 (32)         ; 510 (0)      ; 0           ; 0            ; 0       ; 0         ; 0    ; 0            ; |cpu_core|datapath:dp              ; work         ;
;       |ALU:alu_unit|       ; 747 (747)         ; 0 (0)        ; 0           ; 0            ; 0       ; 0         ; 0    ; 0            ; |cpu_core|datapath:dp|ALU:alu_unit ; work         ;
;       |pc:pc_reg|          ; 30 (30)           ; 30 (30)      ; 0           ; 0            ; 0       ; 0         ; 0    ; 0            ; |cpu_core|datapath:dp|pc:pc_reg    ; work         ;
;       |regfile:rf|         ; 405 (405)         ; 480 (480)    ; 0           ; 0            ; 0       ; 0         ; 0    ; 0            ; |cpu_core|datapath:dp|regfile:rf   ; work         ;
;    |imem:imem_inst|        ; 27 (27)           ; 0 (0)        ; 0           ; 0            ; 0       ; 0         ; 0    ; 0            ; |cpu_core|imem:imem_inst           ; work         ;
+----------------------------+-------------------+--------------+-------------+--------------+---------+-----------+------+--------------+------------------------------------+--------------+
Note: For table entries with two numbers listed, the numbers in parentheses indicate the number of resources of the given type used by the specific entity alone. The numbers listed outside of parentheses indicate the total resources of the given type used by the specific entity and all of its sub-entities in the hierarchy.


+---------------------------------------------------------------------------------------+
; Registers Removed During Synthesis                                                    ;
+-----------------------------------------+---------------------------------------------+
; Register name                           ; Reason for Removal                          ;
+-----------------------------------------+---------------------------------------------+
; datapath:dp|pc:pc_reg|PC[0,1]           ; Stuck at GND due to stuck port data_in      ;
; datapath:dp|regfile:rf|rf~543           ; Stuck at GND due to stuck port data_in      ;
; datapath:dp|regfile:rf|rf~575           ; Stuck at GND due to stuck port data_in      ;
; datapath:dp|regfile:rf|rf~607           ; Stuck at GND due to stuck port data_in      ;
; datapath:dp|regfile:rf|rf~639           ; Stuck at GND due to stuck port data_in      ;
; datapath:dp|regfile:rf|rf~671           ; Stuck at GND due to stuck port data_in      ;
; datapath:dp|regfile:rf|rf~703           ; Stuck at GND due to stuck port data_in      ;
; datapath:dp|regfile:rf|rf~735           ; Stuck at GND due to stuck port data_in      ;
; datapath:dp|regfile:rf|rf~767           ; Stuck at GND due to stuck port data_in      ;
; datapath:dp|regfile:rf|rf~799           ; Stuck at GND due to stuck port data_in      ;
; datapath:dp|regfile:rf|rf~831           ; Stuck at GND due to stuck port data_in      ;
; datapath:dp|regfile:rf|rf~863           ; Stuck at GND due to stuck port data_in      ;
; datapath:dp|regfile:rf|rf~895           ; Stuck at GND due to stuck port data_in      ;
; datapath:dp|regfile:rf|rf~927           ; Stuck at GND due to stuck port data_in      ;
; datapath:dp|regfile:rf|rf~959           ; Stuck at GND due to stuck port data_in      ;
; datapath:dp|regfile:rf|rf~991           ; Stuck at GND due to stuck port data_in      ;
; datapath:dp|regfile:rf|rf~1023          ; Stuck at GND due to stuck port data_in      ;
; datapath:dp|regfile:rf|rf~542           ; Stuck at GND due to stuck port data_in      ;
; datapath:dp|regfile:rf|rf~574           ; Stuck at GND due to stuck port data_in      ;
; datapath:dp|regfile:rf|rf~606           ; Stuck at GND due to stuck port data_in      ;
; datapath:dp|regfile:rf|rf~638           ; Stuck at GND due to stuck port data_in      ;
; datapath:dp|regfile:rf|rf~670           ; Stuck at GND due to stuck port data_in      ;
; datapath:dp|regfile:rf|rf~702           ; Stuck at GND due to stuck port data_in      ;
; datapath:dp|regfile:rf|rf~734           ; Stuck at GND due to stuck port data_in      ;
; datapath:dp|regfile:rf|rf~766           ; Stuck at GND due to stuck port data_in      ;
; datapath:dp|regfile:rf|rf~798           ; Stuck at GND due to stuck port data_in      ;
; datapath:dp|regfile:rf|rf~830           ; Stuck at GND due to stuck port data_in      ;
; datapath:dp|regfile:rf|rf~862           ; Stuck at GND due to stuck port data_in      ;
; datapath:dp|regfile:rf|rf~894           ; Stuck at GND due to stuck port data_in      ;
; datapath:dp|regfile:rf|rf~926           ; Stuck at GND due to stuck port data_in      ;
; datapath:dp|regfile:rf|rf~958           ; Stuck at GND due to stuck port data_in      ;
; datapath:dp|regfile:rf|rf~990           ; Stuck at GND due to stuck port data_in      ;
; datapath:dp|regfile:rf|rf~1022          ; Stuck at GND due to stuck port data_in      ;
; datapath:dp|regfile:rf|rf~541           ; Stuck at GND due to stuck port data_in      ;
; datapath:dp|regfile:rf|rf~573           ; Stuck at GND due to stuck port data_in      ;
; datapath:dp|regfile:rf|rf~605           ; Stuck at GND due to stuck port data_in      ;
; datapath:dp|regfile:rf|rf~637           ; Stuck at GND due to stuck port data_in      ;
; datapath:dp|regfile:rf|rf~669           ; Stuck at GND due to stuck port data_in      ;
; datapath:dp|regfile:rf|rf~701           ; Stuck at GND due to stuck port data_in      ;
; datapath:dp|regfile:rf|rf~733           ; Stuck at GND due to stuck port data_in      ;
; datapath:dp|regfile:rf|rf~765           ; Stuck at GND due to stuck port data_in      ;
; datapath:dp|regfile:rf|rf~797           ; Stuck at GND due to stuck port data_in      ;
; datapath:dp|regfile:rf|rf~829           ; Stuck at GND due to stuck port data_in      ;
; datapath:dp|regfile:rf|rf~861           ; Stuck at GND due to stuck port data_in      ;
; datapath:dp|regfile:rf|rf~893           ; Stuck at GND due to stuck port data_in      ;
; datapath:dp|regfile:rf|rf~925           ; Stuck at GND due to stuck port data_in      ;
; datapath:dp|regfile:rf|rf~957           ; Stuck at GND due to stuck port data_in      ;
; datapath:dp|regfile:rf|rf~989           ; Stuck at GND due to stuck port data_in      ;
; datapath:dp|regfile:rf|rf~1021          ; Stuck at GND due to stuck port data_in      ;
; datapath:dp|regfile:rf|rf~540           ; Stuck at GND due to stuck port data_in      ;
; datapath:dp|regfile:rf|rf~572           ; Stuck at GND due to stuck port data_in      ;
; datapath:dp|regfile:rf|rf~604           ; Stuck at GND due to stuck port data_in      ;
; datapath:dp|regfile:rf|rf~636           ; Stuck at GND due to stuck port data_in      ;
; datapath:dp|regfile:rf|rf~668           ; Stuck at GND due to stuck port data_in      ;
; datapath:dp|regfile:rf|rf~700           ; Stuck at GND due to stuck port data_in      ;
; datapath:dp|regfile:rf|rf~732           ; Stuck at GND due to stuck port data_in      ;
; datapath:dp|regfile:rf|rf~764           ; Stuck at GND due to stuck port data_in      ;
; datapath:dp|regfile:rf|rf~796           ; Stuck at GND due to stuck port data_in      ;
; datapath:dp|regfile:rf|rf~828           ; Stuck at GND due to stuck port data_in      ;
; datapath:dp|regfile:rf|rf~860           ; Stuck at GND due to stuck port data_in      ;
; datapath:dp|regfile:rf|rf~892           ; Stuck at GND due to stuck port data_in      ;
; datapath:dp|regfile:rf|rf~924           ; Stuck at GND due to stuck port data_in      ;
; datapath:dp|regfile:rf|rf~956           ; Stuck at GND due to stuck port data_in      ;
; datapath:dp|regfile:rf|rf~988           ; Stuck at GND due to stuck port data_in      ;
; datapath:dp|regfile:rf|rf~1020          ; Stuck at GND due to stuck port data_in      ;
; datapath:dp|regfile:rf|rf~539           ; Stuck at GND due to stuck port data_in      ;
; datapath:dp|regfile:rf|rf~571           ; Stuck at GND due to stuck port data_in      ;
; datapath:dp|regfile:rf|rf~603           ; Stuck at GND due to stuck port data_in      ;
; datapath:dp|regfile:rf|rf~635           ; Stuck at GND due to stuck port data_in      ;
; datapath:dp|regfile:rf|rf~667           ; Stuck at GND due to stuck port data_in      ;
; datapath:dp|regfile:rf|rf~699           ; Stuck at GND due to stuck port data_in      ;
; datapath:dp|regfile:rf|rf~731           ; Stuck at GND due to stuck port data_in      ;
; datapath:dp|regfile:rf|rf~763           ; Stuck at GND due to stuck port data_in      ;
; datapath:dp|regfile:rf|rf~795           ; Stuck at GND due to stuck port data_in      ;
; datapath:dp|regfile:rf|rf~827           ; Stuck at GND due to stuck port data_in      ;
; datapath:dp|regfile:rf|rf~859           ; Stuck at GND due to stuck port data_in      ;
; datapath:dp|regfile:rf|rf~891           ; Stuck at GND due to stuck port data_in      ;
; datapath:dp|regfile:rf|rf~923           ; Stuck at GND due to stuck port data_in      ;
; datapath:dp|regfile:rf|rf~955           ; Stuck at GND due to stuck port data_in      ;
; datapath:dp|regfile:rf|rf~987           ; Stuck at GND due to stuck port data_in      ;
; datapath:dp|regfile:rf|rf~1019          ; Stuck at GND due to stuck port data_in      ;
; datapath:dp|regfile:rf|rf~538           ; Stuck at GND due to stuck port data_in      ;
; datapath:dp|regfile:rf|rf~570           ; Stuck at GND due to stuck port data_in      ;
; datapath:dp|regfile:rf|rf~602           ; Stuck at GND due to stuck port data_in      ;
; datapath:dp|regfile:rf|rf~634           ; Stuck at GND due to stuck port data_in      ;
; datapath:dp|regfile:rf|rf~666           ; Stuck at GND due to stuck port data_in      ;
; datapath:dp|regfile:rf|rf~698           ; Stuck at GND due to stuck port data_in      ;
; datapath:dp|regfile:rf|rf~730           ; Stuck at GND due to stuck port data_in      ;
; datapath:dp|regfile:rf|rf~762           ; Stuck at GND due to stuck port data_in      ;
; datapath:dp|regfile:rf|rf~794           ; Stuck at GND due to stuck port data_in      ;
; datapath:dp|regfile:rf|rf~826           ; Stuck at GND due to stuck port data_in      ;
; datapath:dp|regfile:rf|rf~858           ; Stuck at GND due to stuck port data_in      ;
; datapath:dp|regfile:rf|rf~890           ; Stuck at GND due to stuck port data_in      ;
; datapath:dp|regfile:rf|rf~922           ; Stuck at GND due to stuck port data_in      ;
; datapath:dp|regfile:rf|rf~954           ; Stuck at GND due to stuck port data_in      ;
; datapath:dp|regfile:rf|rf~986           ; Stuck at GND due to stuck port data_in      ;
; datapath:dp|regfile:rf|rf~1018          ; Stuck at GND due to stuck port data_in      ;
; datapath:dp|regfile:rf|rf~537           ; Stuck at GND due to stuck port data_in      ;
; datapath:dp|regfile:rf|rf~569           ; Stuck at GND due to stuck port data_in      ;
; datapath:dp|regfile:rf|rf~601           ; Stuck at GND due to stuck port data_in      ;
; datapath:dp|regfile:rf|rf~633           ; Stuck at GND due to stuck port data_in      ;
; datapath:dp|regfile:rf|rf~665           ; Stuck at GND due to stuck port data_in      ;
; datapath:dp|regfile:rf|rf~697           ; Stuck at GND due to stuck port data_in      ;
; datapath:dp|regfile:rf|rf~729           ; Stuck at GND due to stuck port data_in      ;
; datapath:dp|regfile:rf|rf~761           ; Stuck at GND due to stuck port data_in      ;
; datapath:dp|regfile:rf|rf~793           ; Stuck at GND due to stuck port data_in      ;
; datapath:dp|regfile:rf|rf~825           ; Stuck at GND due to stuck port data_in      ;
; datapath:dp|regfile:rf|rf~857           ; Stuck at GND due to stuck port data_in      ;
; datapath:dp|regfile:rf|rf~889           ; Stuck at GND due to stuck port data_in      ;
; datapath:dp|regfile:rf|rf~921           ; Stuck at GND due to stuck port data_in      ;
; datapath:dp|regfile:rf|rf~953           ; Stuck at GND due to stuck port data_in      ;
; datapath:dp|regfile:rf|rf~985           ; Stuck at GND due to stuck port data_in      ;
; datapath:dp|regfile:rf|rf~1017          ; Stuck at GND due to stuck port data_in      ;
; datapath:dp|regfile:rf|rf~536           ; Stuck at GND due to stuck port data_in      ;
; datapath:dp|regfile:rf|rf~568           ; Stuck at GND due to stuck port data_in      ;
; datapath:dp|regfile:rf|rf~600           ; Stuck at GND due to stuck port data_in      ;
; datapath:dp|regfile:rf|rf~632           ; Stuck at GND due to stuck port data_in      ;
; datapath:dp|regfile:rf|rf~664           ; Stuck at GND due to stuck port data_in      ;
; datapath:dp|regfile:rf|rf~696           ; Stuck at GND due to stuck port data_in      ;
; datapath:dp|regfile:rf|rf~728           ; Stuck at GND due to stuck port data_in      ;
; datapath:dp|regfile:rf|rf~760           ; Stuck at GND due to stuck port data_in      ;
; datapath:dp|regfile:rf|rf~792           ; Stuck at GND due to stuck port data_in      ;
; datapath:dp|regfile:rf|rf~824           ; Stuck at GND due to stuck port data_in      ;
; datapath:dp|regfile:rf|rf~856           ; Stuck at GND due to stuck port data_in      ;
; datapath:dp|regfile:rf|rf~888           ; Stuck at GND due to stuck port data_in      ;
; datapath:dp|regfile:rf|rf~920           ; Stuck at GND due to stuck port data_in      ;
; datapath:dp|regfile:rf|rf~952           ; Stuck at GND due to stuck port data_in      ;
; datapath:dp|regfile:rf|rf~984           ; Stuck at GND due to stuck port data_in      ;
; datapath:dp|regfile:rf|rf~1016          ; Stuck at GND due to stuck port data_in      ;
; datapath:dp|regfile:rf|rf~535           ; Stuck at GND due to stuck port data_in      ;
; datapath:dp|regfile:rf|rf~567           ; Stuck at GND due to stuck port data_in      ;
; datapath:dp|regfile:rf|rf~599           ; Stuck at GND due to stuck port data_in      ;
; datapath:dp|regfile:rf|rf~631           ; Stuck at GND due to stuck port data_in      ;
; datapath:dp|regfile:rf|rf~663           ; Stuck at GND due to stuck port data_in      ;
; datapath:dp|regfile:rf|rf~695           ; Stuck at GND due to stuck port data_in      ;
; datapath:dp|regfile:rf|rf~727           ; Stuck at GND due to stuck port data_in      ;
; datapath:dp|regfile:rf|rf~759           ; Stuck at GND due to stuck port data_in      ;
; datapath:dp|regfile:rf|rf~791           ; Stuck at GND due to stuck port data_in      ;
; datapath:dp|regfile:rf|rf~823           ; Stuck at GND due to stuck port data_in      ;
; datapath:dp|regfile:rf|rf~855           ; Stuck at GND due to stuck port data_in      ;
; datapath:dp|regfile:rf|rf~887           ; Stuck at GND due to stuck port data_in      ;
; datapath:dp|regfile:rf|rf~919           ; Stuck at GND due to stuck port data_in      ;
; datapath:dp|regfile:rf|rf~951           ; Stuck at GND due to stuck port data_in      ;
; datapath:dp|regfile:rf|rf~983           ; Stuck at GND due to stuck port data_in      ;
; datapath:dp|regfile:rf|rf~1015          ; Stuck at GND due to stuck port data_in      ;
; datapath:dp|regfile:rf|rf~534           ; Stuck at GND due to stuck port data_in      ;
; datapath:dp|regfile:rf|rf~566           ; Stuck at GND due to stuck port data_in      ;
; datapath:dp|regfile:rf|rf~598           ; Stuck at GND due to stuck port data_in      ;
; datapath:dp|regfile:rf|rf~630           ; Stuck at GND due to stuck port data_in      ;
; datapath:dp|regfile:rf|rf~662           ; Stuck at GND due to stuck port data_in      ;
; datapath:dp|regfile:rf|rf~694           ; Stuck at GND due to stuck port data_in      ;
; datapath:dp|regfile:rf|rf~726           ; Stuck at GND due to stuck port data_in      ;
; datapath:dp|regfile:rf|rf~758           ; Stuck at GND due to stuck port data_in      ;
; datapath:dp|regfile:rf|rf~790           ; Stuck at GND due to stuck port data_in      ;
; datapath:dp|regfile:rf|rf~822           ; Stuck at GND due to stuck port data_in      ;
; datapath:dp|regfile:rf|rf~854           ; Stuck at GND due to stuck port data_in      ;
; datapath:dp|regfile:rf|rf~886           ; Stuck at GND due to stuck port data_in      ;
; datapath:dp|regfile:rf|rf~918           ; Stuck at GND due to stuck port data_in      ;
; datapath:dp|regfile:rf|rf~950           ; Stuck at GND due to stuck port data_in      ;
; datapath:dp|regfile:rf|rf~982           ; Stuck at GND due to stuck port data_in      ;
; datapath:dp|regfile:rf|rf~1014          ; Stuck at GND due to stuck port data_in      ;
; datapath:dp|regfile:rf|rf~533           ; Stuck at GND due to stuck port data_in      ;
; datapath:dp|regfile:rf|rf~565           ; Stuck at GND due to stuck port data_in      ;
; datapath:dp|regfile:rf|rf~597           ; Stuck at GND due to stuck port data_in      ;
; datapath:dp|regfile:rf|rf~629           ; Stuck at GND due to stuck port data_in      ;
; datapath:dp|regfile:rf|rf~661           ; Stuck at GND due to stuck port data_in      ;
; datapath:dp|regfile:rf|rf~693           ; Stuck at GND due to stuck port data_in      ;
; datapath:dp|regfile:rf|rf~725           ; Stuck at GND due to stuck port data_in      ;
; datapath:dp|regfile:rf|rf~757           ; Stuck at GND due to stuck port data_in      ;
; datapath:dp|regfile:rf|rf~789           ; Stuck at GND due to stuck port data_in      ;
; datapath:dp|regfile:rf|rf~821           ; Stuck at GND due to stuck port data_in      ;
; datapath:dp|regfile:rf|rf~853           ; Stuck at GND due to stuck port data_in      ;
; datapath:dp|regfile:rf|rf~885           ; Stuck at GND due to stuck port data_in      ;
; datapath:dp|regfile:rf|rf~917           ; Stuck at GND due to stuck port data_in      ;
; datapath:dp|regfile:rf|rf~949           ; Stuck at GND due to stuck port data_in      ;
; datapath:dp|regfile:rf|rf~981           ; Stuck at GND due to stuck port data_in      ;
; datapath:dp|regfile:rf|rf~1013          ; Stuck at GND due to stuck port data_in      ;
; datapath:dp|regfile:rf|rf~532           ; Stuck at GND due to stuck port data_in      ;
; datapath:dp|regfile:rf|rf~564           ; Stuck at GND due to stuck port data_in      ;
; datapath:dp|regfile:rf|rf~596           ; Stuck at GND due to stuck port data_in      ;
; datapath:dp|regfile:rf|rf~628           ; Stuck at GND due to stuck port data_in      ;
; datapath:dp|regfile:rf|rf~660           ; Stuck at GND due to stuck port data_in      ;
; datapath:dp|regfile:rf|rf~692           ; Stuck at GND due to stuck port data_in      ;
; datapath:dp|regfile:rf|rf~724           ; Stuck at GND due to stuck port data_in      ;
; datapath:dp|regfile:rf|rf~756           ; Stuck at GND due to stuck port data_in      ;
; datapath:dp|regfile:rf|rf~788           ; Stuck at GND due to stuck port data_in      ;
; datapath:dp|regfile:rf|rf~820           ; Stuck at GND due to stuck port data_in      ;
; datapath:dp|regfile:rf|rf~852           ; Stuck at GND due to stuck port data_in      ;
; datapath:dp|regfile:rf|rf~884           ; Stuck at GND due to stuck port data_in      ;
; datapath:dp|regfile:rf|rf~916           ; Stuck at GND due to stuck port data_in      ;
; datapath:dp|regfile:rf|rf~948           ; Stuck at GND due to stuck port data_in      ;
; datapath:dp|regfile:rf|rf~980           ; Stuck at GND due to stuck port data_in      ;
; datapath:dp|regfile:rf|rf~1012          ; Stuck at GND due to stuck port data_in      ;
; datapath:dp|regfile:rf|rf~531           ; Stuck at GND due to stuck port data_in      ;
; datapath:dp|regfile:rf|rf~563           ; Stuck at GND due to stuck port data_in      ;
; datapath:dp|regfile:rf|rf~595           ; Stuck at GND due to stuck port data_in      ;
; datapath:dp|regfile:rf|rf~627           ; Stuck at GND due to stuck port data_in      ;
; datapath:dp|regfile:rf|rf~659           ; Stuck at GND due to stuck port data_in      ;
; datapath:dp|regfile:rf|rf~691           ; Stuck at GND due to stuck port data_in      ;
; datapath:dp|regfile:rf|rf~723           ; Stuck at GND due to stuck port data_in      ;
; datapath:dp|regfile:rf|rf~755           ; Stuck at GND due to stuck port data_in      ;
; datapath:dp|regfile:rf|rf~787           ; Stuck at GND due to stuck port data_in      ;
; datapath:dp|regfile:rf|rf~819           ; Stuck at GND due to stuck port data_in      ;
; datapath:dp|regfile:rf|rf~851           ; Stuck at GND due to stuck port data_in      ;
; datapath:dp|regfile:rf|rf~883           ; Stuck at GND due to stuck port data_in      ;
; datapath:dp|regfile:rf|rf~915           ; Stuck at GND due to stuck port data_in      ;
; datapath:dp|regfile:rf|rf~947           ; Stuck at GND due to stuck port data_in      ;
; datapath:dp|regfile:rf|rf~979           ; Stuck at GND due to stuck port data_in      ;
; datapath:dp|regfile:rf|rf~1011          ; Stuck at GND due to stuck port data_in      ;
; datapath:dp|regfile:rf|rf~530           ; Stuck at GND due to stuck port data_in      ;
; datapath:dp|regfile:rf|rf~562           ; Stuck at GND due to stuck port data_in      ;
; datapath:dp|regfile:rf|rf~594           ; Stuck at GND due to stuck port data_in      ;
; datapath:dp|regfile:rf|rf~626           ; Stuck at GND due to stuck port data_in      ;
; datapath:dp|regfile:rf|rf~658           ; Stuck at GND due to stuck port data_in      ;
; datapath:dp|regfile:rf|rf~690           ; Stuck at GND due to stuck port data_in      ;
; datapath:dp|regfile:rf|rf~722           ; Stuck at GND due to stuck port data_in      ;
; datapath:dp|regfile:rf|rf~754           ; Stuck at GND due to stuck port data_in      ;
; datapath:dp|regfile:rf|rf~786           ; Stuck at GND due to stuck port data_in      ;
; datapath:dp|regfile:rf|rf~818           ; Stuck at GND due to stuck port data_in      ;
; datapath:dp|regfile:rf|rf~850           ; Stuck at GND due to stuck port data_in      ;
; datapath:dp|regfile:rf|rf~882           ; Stuck at GND due to stuck port data_in      ;
; datapath:dp|regfile:rf|rf~914           ; Stuck at GND due to stuck port data_in      ;
; datapath:dp|regfile:rf|rf~946           ; Stuck at GND due to stuck port data_in      ;
; datapath:dp|regfile:rf|rf~978           ; Stuck at GND due to stuck port data_in      ;
; datapath:dp|regfile:rf|rf~1010          ; Stuck at GND due to stuck port data_in      ;
; datapath:dp|regfile:rf|rf~529           ; Stuck at GND due to stuck port data_in      ;
; datapath:dp|regfile:rf|rf~561           ; Stuck at GND due to stuck port data_in      ;
; datapath:dp|regfile:rf|rf~593           ; Stuck at GND due to stuck port data_in      ;
; datapath:dp|regfile:rf|rf~625           ; Stuck at GND due to stuck port data_in      ;
; datapath:dp|regfile:rf|rf~657           ; Stuck at GND due to stuck port data_in      ;
; datapath:dp|regfile:rf|rf~689           ; Stuck at GND due to stuck port data_in      ;
; datapath:dp|regfile:rf|rf~721           ; Stuck at GND due to stuck port data_in      ;
; datapath:dp|regfile:rf|rf~753           ; Stuck at GND due to stuck port data_in      ;
; datapath:dp|regfile:rf|rf~785           ; Stuck at GND due to stuck port data_in      ;
; datapath:dp|regfile:rf|rf~817           ; Stuck at GND due to stuck port data_in      ;
; datapath:dp|regfile:rf|rf~849           ; Stuck at GND due to stuck port data_in      ;
; datapath:dp|regfile:rf|rf~881           ; Stuck at GND due to stuck port data_in      ;
; datapath:dp|regfile:rf|rf~913           ; Stuck at GND due to stuck port data_in      ;
; datapath:dp|regfile:rf|rf~945           ; Stuck at GND due to stuck port data_in      ;
; datapath:dp|regfile:rf|rf~977           ; Stuck at GND due to stuck port data_in      ;
; datapath:dp|regfile:rf|rf~1009          ; Stuck at GND due to stuck port data_in      ;
; datapath:dp|regfile:rf|rf~528           ; Stuck at GND due to stuck port data_in      ;
; datapath:dp|regfile:rf|rf~560           ; Stuck at GND due to stuck port data_in      ;
; datapath:dp|regfile:rf|rf~592           ; Stuck at GND due to stuck port data_in      ;
; datapath:dp|regfile:rf|rf~624           ; Stuck at GND due to stuck port data_in      ;
; datapath:dp|regfile:rf|rf~656           ; Stuck at GND due to stuck port data_in      ;
; datapath:dp|regfile:rf|rf~688           ; Stuck at GND due to stuck port data_in      ;
; datapath:dp|regfile:rf|rf~720           ; Stuck at GND due to stuck port data_in      ;
; datapath:dp|regfile:rf|rf~752           ; Stuck at GND due to stuck port data_in      ;
; datapath:dp|regfile:rf|rf~784           ; Stuck at GND due to stuck port data_in      ;
; datapath:dp|regfile:rf|rf~816           ; Stuck at GND due to stuck port data_in      ;
; datapath:dp|regfile:rf|rf~848           ; Stuck at GND due to stuck port data_in      ;
; datapath:dp|regfile:rf|rf~880           ; Stuck at GND due to stuck port data_in      ;
; datapath:dp|regfile:rf|rf~912           ; Stuck at GND due to stuck port data_in      ;
; datapath:dp|regfile:rf|rf~944           ; Stuck at GND due to stuck port data_in      ;
; datapath:dp|regfile:rf|rf~976           ; Stuck at GND due to stuck port data_in      ;
; datapath:dp|regfile:rf|rf~1008          ; Stuck at GND due to stuck port data_in      ;
; datapath:dp|regfile:rf|rf~527           ; Stuck at GND due to stuck port data_in      ;
; datapath:dp|regfile:rf|rf~559           ; Stuck at GND due to stuck port data_in      ;
; datapath:dp|regfile:rf|rf~591           ; Stuck at GND due to stuck port data_in      ;
; datapath:dp|regfile:rf|rf~623           ; Stuck at GND due to stuck port data_in      ;
; datapath:dp|regfile:rf|rf~655           ; Stuck at GND due to stuck port data_in      ;
; datapath:dp|regfile:rf|rf~687           ; Stuck at GND due to stuck port data_in      ;
; datapath:dp|regfile:rf|rf~719           ; Stuck at GND due to stuck port data_in      ;
; datapath:dp|regfile:rf|rf~751           ; Stuck at GND due to stuck port data_in      ;
; datapath:dp|regfile:rf|rf~783           ; Stuck at GND due to stuck port data_in      ;
; datapath:dp|regfile:rf|rf~815           ; Stuck at GND due to stuck port data_in      ;
; datapath:dp|regfile:rf|rf~847           ; Stuck at GND due to stuck port data_in      ;
; datapath:dp|regfile:rf|rf~879           ; Stuck at GND due to stuck port data_in      ;
; datapath:dp|regfile:rf|rf~911           ; Stuck at GND due to stuck port data_in      ;
; datapath:dp|regfile:rf|rf~943           ; Stuck at GND due to stuck port data_in      ;
; datapath:dp|regfile:rf|rf~975           ; Stuck at GND due to stuck port data_in      ;
; datapath:dp|regfile:rf|rf~1007          ; Stuck at GND due to stuck port data_in      ;
; datapath:dp|regfile:rf|rf~526           ; Stuck at GND due to stuck port data_in      ;
; datapath:dp|regfile:rf|rf~558           ; Stuck at GND due to stuck port data_in      ;
; datapath:dp|regfile:rf|rf~590           ; Stuck at GND due to stuck port data_in      ;
; datapath:dp|regfile:rf|rf~622           ; Stuck at GND due to stuck port data_in      ;
; datapath:dp|regfile:rf|rf~654           ; Stuck at GND due to stuck port data_in      ;
; datapath:dp|regfile:rf|rf~686           ; Stuck at GND due to stuck port data_in      ;
; datapath:dp|regfile:rf|rf~718           ; Stuck at GND due to stuck port data_in      ;
; datapath:dp|regfile:rf|rf~750           ; Stuck at GND due to stuck port data_in      ;
; datapath:dp|regfile:rf|rf~782           ; Stuck at GND due to stuck port data_in      ;
; datapath:dp|regfile:rf|rf~814           ; Stuck at GND due to stuck port data_in      ;
; datapath:dp|regfile:rf|rf~846           ; Stuck at GND due to stuck port data_in      ;
; datapath:dp|regfile:rf|rf~878           ; Stuck at GND due to stuck port data_in      ;
; datapath:dp|regfile:rf|rf~910           ; Stuck at GND due to stuck port data_in      ;
; datapath:dp|regfile:rf|rf~942           ; Stuck at GND due to stuck port data_in      ;
; datapath:dp|regfile:rf|rf~974           ; Stuck at GND due to stuck port data_in      ;
; datapath:dp|regfile:rf|rf~1006          ; Stuck at GND due to stuck port data_in      ;
; datapath:dp|regfile:rf|rf~525           ; Stuck at GND due to stuck port data_in      ;
; datapath:dp|regfile:rf|rf~557           ; Stuck at GND due to stuck port data_in      ;
; datapath:dp|regfile:rf|rf~589           ; Stuck at GND due to stuck port data_in      ;
; datapath:dp|regfile:rf|rf~621           ; Stuck at GND due to stuck port data_in      ;
; datapath:dp|regfile:rf|rf~653           ; Stuck at GND due to stuck port data_in      ;
; datapath:dp|regfile:rf|rf~685           ; Stuck at GND due to stuck port data_in      ;
; datapath:dp|regfile:rf|rf~717           ; Stuck at GND due to stuck port data_in      ;
; datapath:dp|regfile:rf|rf~749           ; Stuck at GND due to stuck port data_in      ;
; datapath:dp|regfile:rf|rf~781           ; Stuck at GND due to stuck port data_in      ;
; datapath:dp|regfile:rf|rf~813           ; Stuck at GND due to stuck port data_in      ;
; datapath:dp|regfile:rf|rf~845           ; Stuck at GND due to stuck port data_in      ;
; datapath:dp|regfile:rf|rf~877           ; Stuck at GND due to stuck port data_in      ;
; datapath:dp|regfile:rf|rf~909           ; Stuck at GND due to stuck port data_in      ;
; datapath:dp|regfile:rf|rf~941           ; Stuck at GND due to stuck port data_in      ;
; datapath:dp|regfile:rf|rf~973           ; Stuck at GND due to stuck port data_in      ;
; datapath:dp|regfile:rf|rf~1005          ; Stuck at GND due to stuck port data_in      ;
; datapath:dp|regfile:rf|rf~524           ; Stuck at GND due to stuck port data_in      ;
; datapath:dp|regfile:rf|rf~556           ; Stuck at GND due to stuck port data_in      ;
; datapath:dp|regfile:rf|rf~588           ; Stuck at GND due to stuck port data_in      ;
; datapath:dp|regfile:rf|rf~620           ; Stuck at GND due to stuck port data_in      ;
; datapath:dp|regfile:rf|rf~652           ; Stuck at GND due to stuck port data_in      ;
; datapath:dp|regfile:rf|rf~684           ; Stuck at GND due to stuck port data_in      ;
; datapath:dp|regfile:rf|rf~716           ; Stuck at GND due to stuck port data_in      ;
; datapath:dp|regfile:rf|rf~748           ; Stuck at GND due to stuck port data_in      ;
; datapath:dp|regfile:rf|rf~780           ; Stuck at GND due to stuck port data_in      ;
; datapath:dp|regfile:rf|rf~812           ; Stuck at GND due to stuck port data_in      ;
; datapath:dp|regfile:rf|rf~844           ; Stuck at GND due to stuck port data_in      ;
; datapath:dp|regfile:rf|rf~876           ; Stuck at GND due to stuck port data_in      ;
; datapath:dp|regfile:rf|rf~908           ; Stuck at GND due to stuck port data_in      ;
; datapath:dp|regfile:rf|rf~940           ; Stuck at GND due to stuck port data_in      ;
; datapath:dp|regfile:rf|rf~972           ; Stuck at GND due to stuck port data_in      ;
; datapath:dp|regfile:rf|rf~1004          ; Stuck at GND due to stuck port data_in      ;
; datapath:dp|regfile:rf|rf~523           ; Stuck at GND due to stuck port data_in      ;
; datapath:dp|regfile:rf|rf~555           ; Stuck at GND due to stuck port data_in      ;
; datapath:dp|regfile:rf|rf~587           ; Stuck at GND due to stuck port data_in      ;
; datapath:dp|regfile:rf|rf~619           ; Stuck at GND due to stuck port data_in      ;
; datapath:dp|regfile:rf|rf~651           ; Stuck at GND due to stuck port data_in      ;
; datapath:dp|regfile:rf|rf~683           ; Stuck at GND due to stuck port data_in      ;
; datapath:dp|regfile:rf|rf~715           ; Stuck at GND due to stuck port data_in      ;
; datapath:dp|regfile:rf|rf~747           ; Stuck at GND due to stuck port data_in      ;
; datapath:dp|regfile:rf|rf~779           ; Stuck at GND due to stuck port data_in      ;
; datapath:dp|regfile:rf|rf~811           ; Stuck at GND due to stuck port data_in      ;
; datapath:dp|regfile:rf|rf~843           ; Stuck at GND due to stuck port data_in      ;
; datapath:dp|regfile:rf|rf~875           ; Stuck at GND due to stuck port data_in      ;
; datapath:dp|regfile:rf|rf~907           ; Stuck at GND due to stuck port data_in      ;
; datapath:dp|regfile:rf|rf~939           ; Stuck at GND due to stuck port data_in      ;
; datapath:dp|regfile:rf|rf~971           ; Stuck at GND due to stuck port data_in      ;
; datapath:dp|regfile:rf|rf~1003          ; Stuck at GND due to stuck port data_in      ;
; datapath:dp|regfile:rf|rf~522           ; Stuck at GND due to stuck port data_in      ;
; datapath:dp|regfile:rf|rf~554           ; Stuck at GND due to stuck port data_in      ;
; datapath:dp|regfile:rf|rf~586           ; Stuck at GND due to stuck port data_in      ;
; datapath:dp|regfile:rf|rf~618           ; Stuck at GND due to stuck port data_in      ;
; datapath:dp|regfile:rf|rf~650           ; Stuck at GND due to stuck port data_in      ;
; datapath:dp|regfile:rf|rf~682           ; Stuck at GND due to stuck port data_in      ;
; datapath:dp|regfile:rf|rf~714           ; Stuck at GND due to stuck port data_in      ;
; datapath:dp|regfile:rf|rf~746           ; Stuck at GND due to stuck port data_in      ;
; datapath:dp|regfile:rf|rf~778           ; Stuck at GND due to stuck port data_in      ;
; datapath:dp|regfile:rf|rf~810           ; Stuck at GND due to stuck port data_in      ;
; datapath:dp|regfile:rf|rf~842           ; Stuck at GND due to stuck port data_in      ;
; datapath:dp|regfile:rf|rf~874           ; Stuck at GND due to stuck port data_in      ;
; datapath:dp|regfile:rf|rf~906           ; Stuck at GND due to stuck port data_in      ;
; datapath:dp|regfile:rf|rf~938           ; Stuck at GND due to stuck port data_in      ;
; datapath:dp|regfile:rf|rf~970           ; Stuck at GND due to stuck port data_in      ;
; datapath:dp|regfile:rf|rf~1002          ; Stuck at GND due to stuck port data_in      ;
; datapath:dp|regfile:rf|rf~521           ; Stuck at GND due to stuck port data_in      ;
; datapath:dp|regfile:rf|rf~553           ; Stuck at GND due to stuck port data_in      ;
; datapath:dp|regfile:rf|rf~585           ; Stuck at GND due to stuck port data_in      ;
; datapath:dp|regfile:rf|rf~617           ; Stuck at GND due to stuck port data_in      ;
; datapath:dp|regfile:rf|rf~649           ; Stuck at GND due to stuck port data_in      ;
; datapath:dp|regfile:rf|rf~681           ; Stuck at GND due to stuck port data_in      ;
; datapath:dp|regfile:rf|rf~713           ; Stuck at GND due to stuck port data_in      ;
; datapath:dp|regfile:rf|rf~745           ; Stuck at GND due to stuck port data_in      ;
; datapath:dp|regfile:rf|rf~777           ; Stuck at GND due to stuck port data_in      ;
; datapath:dp|regfile:rf|rf~809           ; Stuck at GND due to stuck port data_in      ;
; datapath:dp|regfile:rf|rf~841           ; Stuck at GND due to stuck port data_in      ;
; datapath:dp|regfile:rf|rf~873           ; Stuck at GND due to stuck port data_in      ;
; datapath:dp|regfile:rf|rf~905           ; Stuck at GND due to stuck port data_in      ;
; datapath:dp|regfile:rf|rf~937           ; Stuck at GND due to stuck port data_in      ;
; datapath:dp|regfile:rf|rf~969           ; Stuck at GND due to stuck port data_in      ;
; datapath:dp|regfile:rf|rf~1001          ; Stuck at GND due to stuck port data_in      ;
; datapath:dp|regfile:rf|rf~520           ; Stuck at GND due to stuck port data_in      ;
; datapath:dp|regfile:rf|rf~552           ; Stuck at GND due to stuck port data_in      ;
; datapath:dp|regfile:rf|rf~584           ; Stuck at GND due to stuck port data_in      ;
; datapath:dp|regfile:rf|rf~616           ; Stuck at GND due to stuck port data_in      ;
; datapath:dp|regfile:rf|rf~648           ; Stuck at GND due to stuck port data_in      ;
; datapath:dp|regfile:rf|rf~680           ; Stuck at GND due to stuck port data_in      ;
; datapath:dp|regfile:rf|rf~712           ; Stuck at GND due to stuck port data_in      ;
; datapath:dp|regfile:rf|rf~744           ; Stuck at GND due to stuck port data_in      ;
; datapath:dp|regfile:rf|rf~776           ; Stuck at GND due to stuck port data_in      ;
; datapath:dp|regfile:rf|rf~808           ; Stuck at GND due to stuck port data_in      ;
; datapath:dp|regfile:rf|rf~840           ; Stuck at GND due to stuck port data_in      ;
; datapath:dp|regfile:rf|rf~872           ; Stuck at GND due to stuck port data_in      ;
; datapath:dp|regfile:rf|rf~904           ; Stuck at GND due to stuck port data_in      ;
; datapath:dp|regfile:rf|rf~936           ; Stuck at GND due to stuck port data_in      ;
; datapath:dp|regfile:rf|rf~968           ; Stuck at GND due to stuck port data_in      ;
; datapath:dp|regfile:rf|rf~1000          ; Stuck at GND due to stuck port data_in      ;
; datapath:dp|regfile:rf|rf~519           ; Stuck at GND due to stuck port data_in      ;
; datapath:dp|regfile:rf|rf~551           ; Stuck at GND due to stuck port data_in      ;
; datapath:dp|regfile:rf|rf~583           ; Stuck at GND due to stuck port data_in      ;
; datapath:dp|regfile:rf|rf~615           ; Stuck at GND due to stuck port data_in      ;
; datapath:dp|regfile:rf|rf~647           ; Stuck at GND due to stuck port data_in      ;
; datapath:dp|regfile:rf|rf~679           ; Stuck at GND due to stuck port data_in      ;
; datapath:dp|regfile:rf|rf~711           ; Stuck at GND due to stuck port data_in      ;
; datapath:dp|regfile:rf|rf~743           ; Stuck at GND due to stuck port data_in      ;
; datapath:dp|regfile:rf|rf~775           ; Stuck at GND due to stuck port data_in      ;
; datapath:dp|regfile:rf|rf~807           ; Stuck at GND due to stuck port data_in      ;
; datapath:dp|regfile:rf|rf~839           ; Stuck at GND due to stuck port data_in      ;
; datapath:dp|regfile:rf|rf~871           ; Stuck at GND due to stuck port data_in      ;
; datapath:dp|regfile:rf|rf~903           ; Stuck at GND due to stuck port data_in      ;
; datapath:dp|regfile:rf|rf~935           ; Stuck at GND due to stuck port data_in      ;
; datapath:dp|regfile:rf|rf~967           ; Stuck at GND due to stuck port data_in      ;
; datapath:dp|regfile:rf|rf~999           ; Stuck at GND due to stuck port data_in      ;
; datapath:dp|regfile:rf|rf~518           ; Stuck at GND due to stuck port data_in      ;
; datapath:dp|regfile:rf|rf~550           ; Stuck at GND due to stuck port data_in      ;
; datapath:dp|regfile:rf|rf~582           ; Stuck at GND due to stuck port data_in      ;
; datapath:dp|regfile:rf|rf~614           ; Stuck at GND due to stuck port data_in      ;
; datapath:dp|regfile:rf|rf~646           ; Stuck at GND due to stuck port data_in      ;
; datapath:dp|regfile:rf|rf~678           ; Stuck at GND due to stuck port data_in      ;
; datapath:dp|regfile:rf|rf~710           ; Stuck at GND due to stuck port data_in      ;
; datapath:dp|regfile:rf|rf~742           ; Stuck at GND due to stuck port data_in      ;
; datapath:dp|regfile:rf|rf~774           ; Stuck at GND due to stuck port data_in      ;
; datapath:dp|regfile:rf|rf~806           ; Stuck at GND due to stuck port data_in      ;
; datapath:dp|regfile:rf|rf~838           ; Stuck at GND due to stuck port data_in      ;
; datapath:dp|regfile:rf|rf~870           ; Stuck at GND due to stuck port data_in      ;
; datapath:dp|regfile:rf|rf~902           ; Stuck at GND due to stuck port data_in      ;
; datapath:dp|regfile:rf|rf~934           ; Stuck at GND due to stuck port data_in      ;
; datapath:dp|regfile:rf|rf~966           ; Stuck at GND due to stuck port data_in      ;
; datapath:dp|regfile:rf|rf~998           ; Stuck at GND due to stuck port data_in      ;
; datapath:dp|regfile:rf|rf~517           ; Stuck at GND due to stuck port data_in      ;
; datapath:dp|regfile:rf|rf~549           ; Stuck at GND due to stuck port data_in      ;
; datapath:dp|regfile:rf|rf~581           ; Stuck at GND due to stuck port data_in      ;
; datapath:dp|regfile:rf|rf~613           ; Stuck at GND due to stuck port data_in      ;
; datapath:dp|regfile:rf|rf~645           ; Stuck at GND due to stuck port data_in      ;
; datapath:dp|regfile:rf|rf~677           ; Stuck at GND due to stuck port data_in      ;
; datapath:dp|regfile:rf|rf~709           ; Stuck at GND due to stuck port data_in      ;
; datapath:dp|regfile:rf|rf~741           ; Stuck at GND due to stuck port data_in      ;
; datapath:dp|regfile:rf|rf~773           ; Stuck at GND due to stuck port data_in      ;
; datapath:dp|regfile:rf|rf~805           ; Stuck at GND due to stuck port data_in      ;
; datapath:dp|regfile:rf|rf~837           ; Stuck at GND due to stuck port data_in      ;
; datapath:dp|regfile:rf|rf~869           ; Stuck at GND due to stuck port data_in      ;
; datapath:dp|regfile:rf|rf~901           ; Stuck at GND due to stuck port data_in      ;
; datapath:dp|regfile:rf|rf~933           ; Stuck at GND due to stuck port data_in      ;
; datapath:dp|regfile:rf|rf~965           ; Stuck at GND due to stuck port data_in      ;
; datapath:dp|regfile:rf|rf~997           ; Stuck at GND due to stuck port data_in      ;
; datapath:dp|regfile:rf|rf~516           ; Stuck at GND due to stuck port data_in      ;
; datapath:dp|regfile:rf|rf~548           ; Stuck at GND due to stuck port data_in      ;
; datapath:dp|regfile:rf|rf~580           ; Stuck at GND due to stuck port data_in      ;
; datapath:dp|regfile:rf|rf~612           ; Stuck at GND due to stuck port data_in      ;
; datapath:dp|regfile:rf|rf~644           ; Stuck at GND due to stuck port data_in      ;
; datapath:dp|regfile:rf|rf~676           ; Stuck at GND due to stuck port data_in      ;
; datapath:dp|regfile:rf|rf~708           ; Stuck at GND due to stuck port data_in      ;
; datapath:dp|regfile:rf|rf~740           ; Stuck at GND due to stuck port data_in      ;
; datapath:dp|regfile:rf|rf~772           ; Stuck at GND due to stuck port data_in      ;
; datapath:dp|regfile:rf|rf~804           ; Stuck at GND due to stuck port data_in      ;
; datapath:dp|regfile:rf|rf~836           ; Stuck at GND due to stuck port data_in      ;
; datapath:dp|regfile:rf|rf~868           ; Stuck at GND due to stuck port data_in      ;
; datapath:dp|regfile:rf|rf~900           ; Stuck at GND due to stuck port data_in      ;
; datapath:dp|regfile:rf|rf~932           ; Stuck at GND due to stuck port data_in      ;
; datapath:dp|regfile:rf|rf~964           ; Stuck at GND due to stuck port data_in      ;
; datapath:dp|regfile:rf|rf~996           ; Stuck at GND due to stuck port data_in      ;
; datapath:dp|regfile:rf|rf~515           ; Stuck at GND due to stuck port data_in      ;
; datapath:dp|regfile:rf|rf~547           ; Stuck at GND due to stuck port data_in      ;
; datapath:dp|regfile:rf|rf~579           ; Stuck at GND due to stuck port data_in      ;
; datapath:dp|regfile:rf|rf~611           ; Stuck at GND due to stuck port data_in      ;
; datapath:dp|regfile:rf|rf~643           ; Stuck at GND due to stuck port data_in      ;
; datapath:dp|regfile:rf|rf~675           ; Stuck at GND due to stuck port data_in      ;
; datapath:dp|regfile:rf|rf~707           ; Stuck at GND due to stuck port data_in      ;
; datapath:dp|regfile:rf|rf~739           ; Stuck at GND due to stuck port data_in      ;
; datapath:dp|regfile:rf|rf~771           ; Stuck at GND due to stuck port data_in      ;
; datapath:dp|regfile:rf|rf~803           ; Stuck at GND due to stuck port data_in      ;
; datapath:dp|regfile:rf|rf~835           ; Stuck at GND due to stuck port data_in      ;
; datapath:dp|regfile:rf|rf~867           ; Stuck at GND due to stuck port data_in      ;
; datapath:dp|regfile:rf|rf~899           ; Stuck at GND due to stuck port data_in      ;
; datapath:dp|regfile:rf|rf~931           ; Stuck at GND due to stuck port data_in      ;
; datapath:dp|regfile:rf|rf~963           ; Stuck at GND due to stuck port data_in      ;
; datapath:dp|regfile:rf|rf~995           ; Stuck at GND due to stuck port data_in      ;
; datapath:dp|regfile:rf|rf~514           ; Stuck at GND due to stuck port data_in      ;
; datapath:dp|regfile:rf|rf~546           ; Stuck at GND due to stuck port data_in      ;
; datapath:dp|regfile:rf|rf~578           ; Stuck at GND due to stuck port data_in      ;
; datapath:dp|regfile:rf|rf~610           ; Stuck at GND due to stuck port data_in      ;
; datapath:dp|regfile:rf|rf~642           ; Stuck at GND due to stuck port data_in      ;
; datapath:dp|regfile:rf|rf~674           ; Stuck at GND due to stuck port data_in      ;
; datapath:dp|regfile:rf|rf~706           ; Stuck at GND due to stuck port data_in      ;
; datapath:dp|regfile:rf|rf~738           ; Stuck at GND due to stuck port data_in      ;
; datapath:dp|regfile:rf|rf~770           ; Stuck at GND due to stuck port data_in      ;
; datapath:dp|regfile:rf|rf~802           ; Stuck at GND due to stuck port data_in      ;
; datapath:dp|regfile:rf|rf~834           ; Stuck at GND due to stuck port data_in      ;
; datapath:dp|regfile:rf|rf~866           ; Stuck at GND due to stuck port data_in      ;
; datapath:dp|regfile:rf|rf~898           ; Stuck at GND due to stuck port data_in      ;
; datapath:dp|regfile:rf|rf~930           ; Stuck at GND due to stuck port data_in      ;
; datapath:dp|regfile:rf|rf~962           ; Stuck at GND due to stuck port data_in      ;
; datapath:dp|regfile:rf|rf~994           ; Stuck at GND due to stuck port data_in      ;
; datapath:dp|regfile:rf|rf~513           ; Stuck at GND due to stuck port data_in      ;
; datapath:dp|regfile:rf|rf~545           ; Stuck at GND due to stuck port data_in      ;
; datapath:dp|regfile:rf|rf~577           ; Stuck at GND due to stuck port data_in      ;
; datapath:dp|regfile:rf|rf~609           ; Stuck at GND due to stuck port data_in      ;
; datapath:dp|regfile:rf|rf~641           ; Stuck at GND due to stuck port data_in      ;
; datapath:dp|regfile:rf|rf~673           ; Stuck at GND due to stuck port data_in      ;
; datapath:dp|regfile:rf|rf~705           ; Stuck at GND due to stuck port data_in      ;
; datapath:dp|regfile:rf|rf~737           ; Stuck at GND due to stuck port data_in      ;
; datapath:dp|regfile:rf|rf~769           ; Stuck at GND due to stuck port data_in      ;
; datapath:dp|regfile:rf|rf~801           ; Stuck at GND due to stuck port data_in      ;
; datapath:dp|regfile:rf|rf~833           ; Stuck at GND due to stuck port data_in      ;
; datapath:dp|regfile:rf|rf~865           ; Stuck at GND due to stuck port data_in      ;
; datapath:dp|regfile:rf|rf~897           ; Stuck at GND due to stuck port data_in      ;
; datapath:dp|regfile:rf|rf~929           ; Stuck at GND due to stuck port data_in      ;
; datapath:dp|regfile:rf|rf~961           ; Stuck at GND due to stuck port data_in      ;
; datapath:dp|regfile:rf|rf~993           ; Stuck at GND due to stuck port data_in      ;
; datapath:dp|regfile:rf|rf~512           ; Stuck at GND due to stuck port data_in      ;
; datapath:dp|regfile:rf|rf~544           ; Stuck at GND due to stuck port data_in      ;
; datapath:dp|regfile:rf|rf~576           ; Stuck at GND due to stuck port data_in      ;
; datapath:dp|regfile:rf|rf~608           ; Stuck at GND due to stuck port data_in      ;
; datapath:dp|regfile:rf|rf~640           ; Stuck at GND due to stuck port data_in      ;
; datapath:dp|regfile:rf|rf~672           ; Stuck at GND due to stuck port data_in      ;
; datapath:dp|regfile:rf|rf~704           ; Stuck at GND due to stuck port data_in      ;
; datapath:dp|regfile:rf|rf~736           ; Stuck at GND due to stuck port data_in      ;
; datapath:dp|regfile:rf|rf~768           ; Stuck at GND due to stuck port data_in      ;
; datapath:dp|regfile:rf|rf~800           ; Stuck at GND due to stuck port data_in      ;
; datapath:dp|regfile:rf|rf~832           ; Stuck at GND due to stuck port data_in      ;
; datapath:dp|regfile:rf|rf~864           ; Stuck at GND due to stuck port data_in      ;
; datapath:dp|regfile:rf|rf~896           ; Stuck at GND due to stuck port data_in      ;
; datapath:dp|regfile:rf|rf~928           ; Stuck at GND due to stuck port data_in      ;
; datapath:dp|regfile:rf|rf~960           ; Stuck at GND due to stuck port data_in      ;
; datapath:dp|regfile:rf|rf~992           ; Stuck at GND due to stuck port data_in      ;
; datapath:dp|regfile:rf|rf~0             ; Stuck at GND due to stuck port clock_enable ;
; datapath:dp|regfile:rf|rf~31            ; Stuck at GND due to stuck port clock_enable ;
; datapath:dp|regfile:rf|rf~30            ; Stuck at GND due to stuck port clock_enable ;
; datapath:dp|regfile:rf|rf~29            ; Stuck at GND due to stuck port clock_enable ;
; datapath:dp|regfile:rf|rf~28            ; Stuck at GND due to stuck port clock_enable ;
; datapath:dp|regfile:rf|rf~27            ; Stuck at GND due to stuck port clock_enable ;
; datapath:dp|regfile:rf|rf~26            ; Stuck at GND due to stuck port clock_enable ;
; datapath:dp|regfile:rf|rf~25            ; Stuck at GND due to stuck port clock_enable ;
; datapath:dp|regfile:rf|rf~24            ; Stuck at GND due to stuck port clock_enable ;
; datapath:dp|regfile:rf|rf~23            ; Stuck at GND due to stuck port clock_enable ;
; datapath:dp|regfile:rf|rf~22            ; Stuck at GND due to stuck port clock_enable ;
; datapath:dp|regfile:rf|rf~21            ; Stuck at GND due to stuck port clock_enable ;
; datapath:dp|regfile:rf|rf~20            ; Stuck at GND due to stuck port clock_enable ;
; datapath:dp|regfile:rf|rf~19            ; Stuck at GND due to stuck port clock_enable ;
; datapath:dp|regfile:rf|rf~18            ; Stuck at GND due to stuck port clock_enable ;
; datapath:dp|regfile:rf|rf~17            ; Stuck at GND due to stuck port clock_enable ;
; datapath:dp|regfile:rf|rf~16            ; Stuck at GND due to stuck port clock_enable ;
; datapath:dp|regfile:rf|rf~15            ; Stuck at GND due to stuck port clock_enable ;
; datapath:dp|regfile:rf|rf~14            ; Stuck at GND due to stuck port clock_enable ;
; datapath:dp|regfile:rf|rf~13            ; Stuck at GND due to stuck port clock_enable ;
; datapath:dp|regfile:rf|rf~12            ; Stuck at GND due to stuck port clock_enable ;
; datapath:dp|regfile:rf|rf~11            ; Stuck at GND due to stuck port clock_enable ;
; datapath:dp|regfile:rf|rf~10            ; Stuck at GND due to stuck port clock_enable ;
; datapath:dp|regfile:rf|rf~9             ; Stuck at GND due to stuck port clock_enable ;
; datapath:dp|regfile:rf|rf~8             ; Stuck at GND due to stuck port clock_enable ;
; datapath:dp|regfile:rf|rf~7             ; Stuck at GND due to stuck port clock_enable ;
; datapath:dp|regfile:rf|rf~6             ; Stuck at GND due to stuck port clock_enable ;
; datapath:dp|regfile:rf|rf~5             ; Stuck at GND due to stuck port clock_enable ;
; datapath:dp|regfile:rf|rf~4             ; Stuck at GND due to stuck port clock_enable ;
; datapath:dp|regfile:rf|rf~3             ; Stuck at GND due to stuck port clock_enable ;
; datapath:dp|regfile:rf|rf~2             ; Stuck at GND due to stuck port clock_enable ;
; datapath:dp|regfile:rf|rf~1             ; Stuck at GND due to stuck port clock_enable ;
; Total Number of Removed Registers = 546 ;                                             ;
+-----------------------------------------+---------------------------------------------+


+-------------------------------------------------------------------------------------------------------------------------+
; Removed Registers Triggering Further Register Optimizations                                                             ;
+-------------------------------+---------------------------+-------------------------------------------------------------+
; Register name                 ; Reason for Removal        ; Registers Removed due to This Register                      ;
+-------------------------------+---------------------------+-------------------------------------------------------------+
; datapath:dp|regfile:rf|rf~543 ; Stuck at GND              ; datapath:dp|regfile:rf|rf~0, datapath:dp|regfile:rf|rf~31,  ;
;                               ; due to stuck port data_in ; datapath:dp|regfile:rf|rf~30, datapath:dp|regfile:rf|rf~15, ;
;                               ;                           ; datapath:dp|regfile:rf|rf~14, datapath:dp|regfile:rf|rf~13, ;
;                               ;                           ; datapath:dp|regfile:rf|rf~11, datapath:dp|regfile:rf|rf~10  ;
; datapath:dp|regfile:rf|rf~528 ; Stuck at GND              ; datapath:dp|regfile:rf|rf~16                                ;
;                               ; due to stuck port data_in ;                                                             ;
; datapath:dp|regfile:rf|rf~513 ; Stuck at GND              ; datapath:dp|regfile:rf|rf~1                                 ;
;                               ; due to stuck port data_in ;                                                             ;
+-------------------------------+---------------------------+-------------------------------------------------------------+


+------------------------------------------------------+
; General Register Statistics                          ;
+----------------------------------------------+-------+
; Statistic                                    ; Value ;
+----------------------------------------------+-------+
; Total registers                              ; 510   ;
; Number of registers using Synchronous Clear  ; 0     ;
; Number of registers using Synchronous Load   ; 0     ;
; Number of registers using Asynchronous Clear ; 30    ;
; Number of registers using Asynchronous Load  ; 0     ;
; Number of registers using Clock Enable       ; 480   ;
; Number of registers using Preset             ; 0     ;
+----------------------------------------------+-------+


+--------------------------------------------------------------------------------------------------------------------------------------------------------+
; Multiplexer Restructuring Statistics (Restructuring Performed)                                                                                         ;
+--------------------+-----------+---------------+----------------------+------------------------+------------+------------------------------------------+
; Multiplexer Inputs ; Bus Width ; Baseline Area ; Area if Restructured ; Saving if Restructured ; Registered ; Example Multiplexer Output               ;
+--------------------+-----------+---------------+----------------------+------------------------+------------+------------------------------------------+
; 19:1               ; 8 bits    ; 96 LEs        ; 64 LEs               ; 32 LEs                 ; No         ; |cpu_core|datapath:dp|ALU:alu_unit|Mux16 ;
; 20:1               ; 7 bits    ; 91 LEs        ; 56 LEs               ; 35 LEs                 ; No         ; |cpu_core|datapath:dp|ALU:alu_unit|Mux14 ;
; 20:1               ; 4 bits    ; 52 LEs        ; 32 LEs               ; 20 LEs                 ; No         ; |cpu_core|datapath:dp|ALU:alu_unit|Mux24 ;
; 21:1               ; 4 bits    ; 56 LEs        ; 36 LEs               ; 20 LEs                 ; No         ; |cpu_core|datapath:dp|ALU:alu_unit|Mux6  ;
; 21:1               ; 2 bits    ; 28 LEs        ; 16 LEs               ; 12 LEs                 ; No         ; |cpu_core|datapath:dp|ALU:alu_unit|Mux29 ;
; 22:1               ; 2 bits    ; 28 LEs        ; 20 LEs               ; 8 LEs                  ; No         ; |cpu_core|datapath:dp|ALU:alu_unit|Mux3  ;
+--------------------+-----------+---------------+----------------------+------------------------+------------+------------------------------------------+


+----------------------------------------------------------------------------------------------------------------+
; Port Connectivity Checks: "datapath:dp"                                                                        ;
+------+--------+----------+-------------------------------------------------------------------------------------+
; Port ; Type   ; Severity ; Details                                                                             ;
+------+--------+----------+-------------------------------------------------------------------------------------+
; Zero ; Output ; Info     ; Connected to dangling logic. Logic that only feeds a dangling port will be removed. ;
+------+--------+----------+-------------------------------------------------------------------------------------+


+-------------------------------+
; Elapsed Time Per Partition    ;
+----------------+--------------+
; Partition Name ; Elapsed Time ;
+----------------+--------------+
; Top            ; 00:00:03     ;
+----------------+--------------+


+-------------------------------+
; Analysis & Synthesis Messages ;
+-------------------------------+
Info: *******************************************************************
Info: Running Quartus II 64-Bit Analysis & Synthesis
    Info: Version 13.0.1 Build 232 06/12/2013 Service Pack 1 SJ Web Edition
    Info: Processing started: Fri Sep 18 13:29:32 2026
Info: Command: quartus_map --read_settings_files=on --write_settings_files=off RISC_V -c RISC_V
Warning (20028): Parallel compilation is not licensed and has been disabled
Info (12021): Found 1 design units, including 1 entities, in source file alu.v
    Info (12023): Found entity 1: ALU
Info (12021): Found 1 design units, including 1 entities, in source file control_unit.v
    Info (12023): Found entity 1: Control_Unit
Info (12021): Found 1 design units, including 1 entities, in source file cpu_core.v
    Info (12023): Found entity 1: cpu_core
Info (12021): Found 1 design units, including 1 entities, in source file datapath.v
    Info (12023): Found entity 1: datapath
Info (12021): Found 1 design units, including 1 entities, in source file dmem.v
    Info (12023): Found entity 1: dmem
Info (12021): Found 1 design units, including 1 entities, in source file imem.v
    Info (12023): Found entity 1: imem
Info (12021): Found 1 design units, including 1 entities, in source file immgen.v
    Info (12023): Found entity 1: ImmGen
Info (12021): Found 1 design units, including 1 entities, in source file regfile.v
    Info (12023): Found entity 1: regfile
Info (12021): Found 1 design units, including 1 entities, in source file pc.v
    Info (12023): Found entity 1: pc
Info (12127): Elaborating entity "cpu_core" for the top level hierarchy
Info (12128): Elaborating entity "imem" for hierarchy "imem:imem_inst"
Warning (10850): Verilog HDL warning at imem.v(10): number of words (11) in memory file does not match the number of elements in the address range [0:63]
Warning (10030): Net "rom.data_a" at imem.v(8) has no driver or initial value, using a default initial value '0'
Warning (10030): Net "rom.waddr_a" at imem.v(8) has no driver or initial value, using a default initial value '0'
Warning (10030): Net "rom.we_a" at imem.v(8) has no driver or initial value, using a default initial value '0'
Info (12128): Elaborating entity "Control_Unit" for hierarchy "Control_Unit:cu"
Info (12128): Elaborating entity "datapath" for hierarchy "datapath:dp"
Info (12128): Elaborating entity "pc" for hierarchy "datapath:dp|pc:pc_reg"
Info (12128): Elaborating entity "regfile" for hierarchy "datapath:dp|regfile:rf"
Info (12128): Elaborating entity "ImmGen" for hierarchy "datapath:dp|ImmGen:imm_gen"
Info (12128): Elaborating entity "ALU" for hierarchy "datapath:dp|ALU:alu_unit"
Info (12128): Elaborating entity "dmem" for hierarchy "dmem:dmem_inst"
Info (276014): Found 2 instances of uninferred RAM logic
    Info (276007): RAM logic "datapath:dp|regfile:rf|rf" is uninferred due to asynchronous read logic
    Info (276007): RAM logic "dmem:dmem_inst|ram" is uninferred due to asynchronous read logic
Warning (127007): Memory Initialization File or Hexadecimal (Intel-Format) File "D:/University/Physical Design/ALU_V/db/RISC_V.ram0_imem_37c714.hdl.mif" contains "don't care" values -- overwriting them with 0s
Warning (13024): Output pins are stuck at VCC or GND
    Warning (13410): Pin "PC_out[0]" is stuck at GND
    Warning (13410): Pin "PC_out[1]" is stuck at GND
    Warning (13410): Pin "Instr_out[2]" is stuck at GND
    Warning (13410): Pin "Instr_out[3]" is stuck at GND
    Warning (13410): Pin "Instr_out[6]" is stuck at GND
    Warning (13410): Pin "Instr_out[11]" is stuck at GND
    Warning (13410): Pin "Instr_out[16]" is stuck at GND
    Warning (13410): Pin "Instr_out[17]" is stuck at GND
    Warning (13410): Pin "Instr_out[18]" is stuck at GND
    Warning (13410): Pin "Instr_out[19]" is stuck at GND
    Warning (13410): Pin "Instr_out[25]" is stuck at GND
    Warning (13410): Pin "Instr_out[26]" is stuck at GND
    Warning (13410): Pin "Instr_out[27]" is stuck at GND
    Warning (13410): Pin "Instr_out[28]" is stuck at GND
    Warning (13410): Pin "Instr_out[29]" is stuck at GND
    Warning (13410): Pin "Instr_out[31]" is stuck at GND
    Warning (13410): Pin "rd_out[4]" is stuck at GND
Info (16010): Generating hard_block partition "hard_block:auto_generated_inst"
    Info (16011): Adding 0 node(s), including 0 DDIO, 0 PLL, 0 transceiver and 0 LCELL
Info (21057): Implemented 1865 device resources after synthesis - the final resource count might be different
    Info (21058): Implemented 2 input pins
    Info (21059): Implemented 134 output pins
    Info (21061): Implemented 1729 logic cells
Info: Quartus II 64-Bit Analysis & Synthesis was successful. 0 errors, 24 warnings
    Info: Peak virtual memory: 4597 megabytes
    Info: Processing ended: Fri Sep 18 13:29:36 2026
    Info: Elapsed time: 00:00:04
    Info: Total CPU time (on all processors): 00:00:04


